4.0p161000000nzsdcak.00d61000000zktceao.gslb.siteforce.com
a629.g1.akamai.net
a782.na.akamai.net
ads.walmart.com
affil.walmart.com
affiliate.walmart.com
affiliates.walmart.com
affw.walmart.com
autodiscover.walmart.com
b.walmart.com
b8386270d2dbc2cbd9c97ba82639cb77.edgesuite.net
babybox.walmart.com
beautybox.walmart.com
beta.walmart.com
blog.walmart.com
blogs.cap-hosting.com
blogs.walmart.com
c.affil.walmart.com
careers.walmart.com
cdn.corporate.walmart.com
challenge.walmart.com
classrings.walmart.com
cm.walmart.com
cn998vip.awmdm.com
community.walmart.com
connect.cap-hosting.com
connect.walmart.com
corporate.walmart.com
coupons.walmart.com
cs1033.wpc.omicroncdn.net
developer.walmart.com
developer.walmart.com.edgekey.net
dns1.walmart.com
dns2.walmart.com
donations.walmart.com
dosarrest241.web.q4inc.com
ds998.awmdm.com
e4373.x.akamaiedge.net
e7034.x.akamaiedge.net
e7503.x.akamaiedge.net
e8331.x.akamaiedge.net
e8587.x.akamaiedge.net
emlclk.walmart.com
example.walmart.com
feedback.cap-hosting.com
feedback.walmart.com
foundation.walmart.com
gateway.walmart.com
giving.walmart.com
grocery-stg.walmart.com
grocery.walmart.com
help.walmart.com
hive.latam.walmart.com
hybrid.wal-mart.com
i.walmart.com
i.walmart.com.edgesuite.net
instoresnow.walmart.com
jobs.walmart.com
li.walmart.com
linksynergy.walmart.com
liquidations.walmart.com
local.cap-hosting.com
local.walmart.com
m.walmart.com
mail2.walmart.com
marketplace.walmart.com
marketplace.walmart.com.00d61000000zktceao.live.siteforce.com
mensgroomingbox.walmart.com
mobile.walmart.com
mobile.walmart.com.edgekey.net
mp3.walmart.com
news.walmart.com
ns2.walmart.com
ns3.walmart.com
ns4.walmart.com
ns5.walmart.com
owa.walmart.com
partner.walmart.com
partner.walmart.com.edgekey.net
personalizeditems-cps.walmart.com
personalizeditems.walmart.com
photos.walmart.com
photos1.walmart.com
photos3.walmart.com
pool.ntp.org
prod.walmart.com.edgekey.net
prod.wmtcdev.com
qa.walmart.com
radio.walmart.com
refer.walmart.com
rptrcks.walmart.com
savingscatcher.walmart.com
see.walmart.com
seller.walmart.com
sellerhelp.walmart.com
stock.walmart.com
supplier.walmart.com
supplier.walmart.com-v1.edgekey.net
supplierhelp.walmart.com
survey.walmart.com
time.walmart.com
track.walmart.com
tracking01.walmart.com
vanity.walmart.com
videos.cap-hosting.com
videos.walmart.com
walmart.com
walmartinc.custhelp.com
wap.walmart.com
webfarm-100.q4web.com
webfarm-32.q4web.com
webservices.walmart.com
weeklyads.walmart.com
wireless.walmart.com
wm10.walmart.com
wm6.walmart.com
wm8.walmart.com
wmt.wmtdev.com
wrd.walmart.com
ww.walmart.com
www-e.walmart.com.edgekey.net
www-origin.walmart.com
www.survey.walmart.com
www.walmart.com
www.walmart.com.edgekey.net
www2.walmart.com
yoursurvey.walmart.com
